python build_production.py --verify --no-launch
Workbook: C:\Users\Stephen_Colodner\windows_code\Statistical_Analysis_Lambda_Catalog\dist\Lambda_Library.xlsx
Sheet updated: LAMBDA_functions
Sheet updated: Life Expectancy Data
Sheet updated: Mileage Data
Sheet updated: Production Lots
Sheet updated: Regression Instructions
Sheet updated: Modeling Concepts
Sheet updated: Diagnostic Guide
Sheet updated: Model Comparison Guide
Sheet updated: Model Comparison
Sheet updated: Version History
Sheet updated: Regression
Sheet updated: Univariate
Created names: 0
Updated names: 130
Removed names: 0
Verify: passed (spec mode, 72.4s, workbook='C:\\Users\\Stephen_Colodner\\windows_code\\Statistical_Analysis_Lambda_Catalog\\dist\\Lambda_Library.xlsx')
Timing: build+sync    145.1s
Timing: recalculate   15.5s
Timing: verify        72.4s
Timing: total         233.0s
Log: C:\Users\Stephen_Colodner\windows_code\Statistical_Analysis_Lambda_Catalog\excel-only-runs\build_production verify no launch.log
