python build_production.py 
Workbook: C:\Users\Stephen_Colodner\windows_code\name-manager-comments\dist\Lambda_Library.xlsx
Sheet updated: LAMBDA_functions
Sheet updated: Life Expectancy Data
Sheet updated: Mileage Data
Sheet updated: Production Lots
Sheet updated: Regression Instructions
Sheet updated: Modeling Concepts
Sheet updated: Diagnostic Guide
Sheet updated: Model Comparison Guide
Sheet updated: Model Comparison
Sheet updated: Version History
Sheet updated: Regression
Sheet updated: Univariate
Created names: 0
Updated names: 130
Removed names: 0
Timing: build+sync    139.4s
Timing: recalculate   14.8s
Timing: total         154.2s
Log: C:\Users\Stephen_Colodner\windows_code\name-manager-comments\excel-only-runs\build_production.log
