python build_test_models.py --cases P08 --verify --no-launch
[    0.0s] Plan: 1 model + 0 guard = 1 sheet(s)
[    0.0s] Oracles: computing
[    0.0s] Oracles: done
[    0.5s] Catalog + data sheets
[    7.3s] Sheets: writing 1
[   15.8s] Save
[   16.0s] Sync names
[   16.1s] CalculateFullRebuild
Timing: write sheets  16.0s
Timing: sync names    0.1s
Timing: rebuild       0.9s
Timing:   CalculateFullRebuild only   0.0s
Workbook: C:\Users\Stephen_Colodner\windows code\Statistical_Analysis_Lambda_Catalog\Lambda_Library_TestModels.xlsx
Sheets built: 1
Created names: 131
Updated names: 0
Removed names: 0
[   17.0s] Verify: reading 1 sheet(s)
Timing: verify        1.0s
Verify: passed
Timing: total         18.0s
Log: C:\Users\Stephen_Colodner\windows code\Statistical_Analysis_Lambda_Catalog\excel-only-runs\build_test_models cases verify no launch.log
